mcu 'mcu':  got {'oid': 18, 'next_clock': 1577438976, 'value': 31248, '#name': 'analog_in_state', '#sent_time': 950.834040994, '#receive_time': 951.761828287}
mcu 'mcu':  got {'oid': 20, 'next_clock': 1581438976, 'value': 31250, '#name': 'analog_in_state', '#sent_time': 950.834040994, '#receive_time': 951.78186287}
mcu 'THR':  got {'oid': 9, 'sequence': 26686, 'data': b'\xff\n\xed\xff}\n\xed\xff\x80\x0b\xed\xff\xbf\n\xed\xff\x13\x0b\xed\xffo\n\xed\xffs\n\xed\xff\x8a\n\xed\xff:\n\xed\xff\xa3\n\xed\xff\xc5\t\xed\xff\xaa\n\xed\xff', '#name': 'sensor_bulk_data', '#sent_time': 951.340049536, '#receive_time': 951.783517995}
mcu 'THR':  got {'oid': 9, 'sequence': 26687, 'data': b'N\n\xed\xff\xfc\n\xed\xff\xe1\n\xed\xff\xc8\n\xed\xff\x0f\x0b\xed\xffn\n\xed\xff7\x0b\xed\xff\xc7\n\xed\xff*\x0b\xed\xff\x85\n\xed\xff\x9f\n\xed\xff\x83\n\xed\xff', '#name': 'sensor_bulk_data', '#sent_time': 951.340049536, '#receive_time': 951.802813495}
mcu 'THR':  got {'oid': 9, 'sequence': 26688, 'data': b'\x8e\n\xed\xff+\x0b\xed\xff\xdb\n\xed\xffS\x0b\xed\xff\xac\n\xed\xff\x16\x0b\xed\xff\x19\x0b\xed\xff\xb0\n\xed\xff\x11\x0b\xed\xff\x80\n\xed\xff\xc3\n\xed\xff\x1e\n\xed\xff', '#name': 'sensor_bulk_data', '#sent_time': 951.340049536, '#receive_time': 951.8224945779999}
mcu 'THR':  got {'oid': 9, 'sequence': 26689, 'data': b'v\n\xed\xff-\n\xed\xff\xb5\n\xed\xff\xc6\n\xed\xff\x98\n\xed\xff:\x0b\xed\xffO\n\xed\xff\xe1\n\xed\xff\x86\n\xed\xff\x03\x0b\xed\xff\xa5\n\xed\xffK\n\xed\xff', '#name': 'sensor_bulk_data', '#sent_time': 951.340049536, '#receive_time': 951.8420849529999}
mcu 'THR':  got {'oid': 9, 'sequence': 26690, 'data': b'\x0e\x0b\xed\xff\xb5\n\xed\xffH\x0b\xed\xff\x9b\n\xed\xffJ\x0b\xed\xffq\n\xed\xff\x80\n\xed\xff\xc2\n\xed\xff\xbf\n\xed\xff(\x0b\xed\xffS\n\xed\xff7\x0b\xed\xff', '#name': 'sensor_bulk_data', '#sent_time': 951.340049536, '#receive_time': 951.861843037}
mcu 'THR':  got {'oid': 9, 'sequence': 26691, 'data': b'\xc6\n\xed\xff\xf0\n\xed\xff8\x0b\xed\xff\x85\n\xed\xff\x85\n\xed\xff\x08\n\xed\xff\x08\x0b\xed\xff{\n\xed\xff7\x0b\xed\xffS\n\xed\xff\xa3\n\xed\xffO\x0b\xed\xff', '#name': 'sensor_bulk_data', '#sent_time': 951.340049536, '#receive_time': 951.8813616619999}
mcu 'THR':  got {'oid': 9, 'sequence': 26692, 'data': b"%\n\xed\xff\xc3\n\xed\xff'\n\xed\xff\xf1\n\xed\xffm\n\xed\xff\xb3\n\xed\xff\x19\x0b\xed\xff[\n\xed\xff\xf2\n\xed\xff3\n\xed\xff\x8b\n\xed\xff\xa9\n\xed\xff", '#name': 'sensor_bulk_data', '#sent_time': 951.340049536, '#receive_time': 951.901006287}
mcu 'THR':  got {'oid': 9, 'sequence': 26693, 'data': b'{\x0b\xed\xff\xaf\n\xed\xff\x9b\n\xed\xff\x07\x0b\xed\xff\xa1\n\xed\xffS\x0b\xed\xff\x81\n\xed\xff\xcb\n\xed\xffW\n\xed\xff>\n\xed\xff\xc8\n\xed\xff\xae\n\xed\xff', '#name': 'sensor_bulk_data', '#sent_time': 951.340049536, '#receive_time': 951.920647995}
mcu 'THR':  got {'oid': 9, 'sequence': 26694, 'data': b'\t\x0b\xed\xff\x16\n\xed\xff\xc4\n\xed\xff\xfb\t\xed\xff\xc5\n\xed\xffa\x0b\xed\xff\xa9\n\xed\xffc\x0b\xed\xff\x11\x0b\xed\xffH\x0b\xed\xff\x1d\n\xed\xff\x9f\n\xed\xff', '#name': 'sensor_bulk_data', '#sent_time': 951.340049536, '#receive_time': 951.9403833279999}
mcu 'THR':  got {'oid': 9, 'sequence': 26695, 'data': b'$\n\xed\xff\x9c\n\xed\xff\xfe\n\xed\xff\xb0\n\xed\xff+\x0b\xed\xffE\n\xed\xff\x9e\n\xed\xff\x1a\n\xed\xff\xf0\n\xed\xff\x07\x0b\xed\xff\xc3\n\xed\xff9\x0b\xed\xff', '#name': 'sensor_bulk_data', '#sent_time': 951.340049536, '#receive_time': 951.9599232449999}
mcu 'THR':  got {'oid': 9, 'sequence': 26696, 'data': b'\xe8\n\xed\xff9\x0b\xed\xff;\n\xed\xff\x91\n\xed\xff\x11\n\xed\xff\xa0\n\xed\xffY\x0b\xed\xff\xcf\n\xed\xff7\x0b\xed\xff8\n\xed\xff\xf3\n\xed\xff\xe5\n\xed\xff', '#name': 'sensor_bulk_data', '#sent_time': 951.340049536, '#receive_time': 951.979652745}
mcu 'THR':  got {'oid': 9, 'sequence': 26697, 'data': b'\xc9\n\xed\xff\x06\x0b\xed\xff\t\x0b\xed\xff\x86\x0b\xed\xffp\n\xed\xff\x18\x0b\xed\xff\xb1\n\xed\xff\xef\n\xed\xffe\n\xed\xff\x91\n\xed\xff<\x0b\xed\xffj\n\xed\xff', '#name': 'sensor_bulk_data', '#sent_time': 951.340049536, '#receive_time': 951.999351328}
mcu 'THR':  got {'oid': 9, 'sequence': 26698, 'data': b'@\x0b\xed\xff\xa9\n\xed\xff(\x0b\xed\xff\xcd\n\xed\xff\x00\x0b\xed\xff\xb4\n\xed\xffP\n\xed\xff\xba\n\xed\xff6\n\xed\xff\xb8\n\xed\xffD\n\xed\xff\xdf\n\xed\xff', '#name': 'sensor_bulk_data', '#sent_time': 951.340049536, '#receive_time': 952.018946078}
mcu 'mcu':  got {'oid': 15, 'next_clock': 1631438976, 'value': 13978, '#name': 'analog_in_state', '#sent_time': 951.819681537, '#receive_time': 952.031761703}
mcu 'THR':  got {'oid': 9, 'sequence': 26699, 'data': b'\x8d\n\xed\xffs\n\xed\xff\x97\n\xed\xff\xe1\t\xed\xff\xc9\n\xed\xffr\n\xed\xff\x9b\n\xed\xff\xf8\t\xed\xff\xd2\n\xed\xff6\x0b\xed\xff\xa4\n\xed\xff\xeb\n\xed\xff', '#name': 'sensor_bulk_data', '#sent_time': 951.340049536, '#receive_time': 952.038538495}
mcu 'mcu':  got {'oid': 16, 'next_clock': 1633438976, 'value': 31254, '#name': 'analog_in_state', '#sent_time': 951.819681537, '#receive_time': 952.041800578}
mcu 'THR':  got {'oid': 17, 'next_clock': 2709586625, 'value': 13887, '#name': 'analog_in_state', '#sent_time': 951.340049536, '#receive_time': 952.050761578}
mcu 'THR':  got {'oid': 9, 'sequence': 26700, 'data': b'd\n\xed\xff\xf0\n\xed\xff\x7f\n\xed\xff\x03\x0b\xed\xff\x87\n\xed\xff\xcb\n\xed\xffu\x0b\xed\xffV\n\xed\xff\xac\n\xed\xff\x12\n\xed\xff\xc3\n\xed\xff\xe3\n\xed\xff', '#name': 'sensor_bulk_data', '#sent_time': 951.340049536, '#receive_time': 952.0581708699999}
mcu 'mcu':  got {'oid': 18, 'next_clock': 1637438976, 'value': 31257, '#name': 'analog_in_state', '#sent_time': 951.819681537, '#receive_time': 952.061830495}
mcu 'THR':  got {'oid': 9, 'sequence': 26701, 'data': b'z\x0b\xed\xff\x1a\x0b\xed\xff\x90\n\xed\xff:\x0b\xed\xff\x94\n\xed\xff\x01\x0b\xed\xfff\n\xed\xff\xe6\n\xed\xff\xe1\n\xed\xffk\n\xed\xff\xf9\n\xed\xffW\n\xed\xff', '#name': 'sensor_bulk_data', '#sent_time': 951.340049536, '#receive_time': 952.07821712}
mcu 'mcu':  got {'oid': 20, 'next_clock': 1641438976, 'value': 31264, '#name': 'analog_in_state', '#sent_time': 951.819681537, '#receive_time': 952.082072745}
mcu 'THR':  got {'oid': 9, 'sequence': 26702, 'data': b'g\x0b\xed\xff\xb0\n\xed\xff\r\x0b\xed\xff\x90\n\xed\xff\xc9\n\xed\xff\xf4\n\xed\xff5\n\xed\xff6\x0b\xed\xff\x99\n\xed\xff\xf4\n\xed\xffw\n\xed\xff\xf7\n\xed\xff', '#name': 'sensor_bulk_data', '#sent_time': 951.340049536, '#receive_time': 952.0974849119999}
mcu 'THR':  got {'oid': 9, 'sequence': 26703, 'data': b'\xf5\n\xed\xffp\n\xed\xff6\x0b\xed\xff\x99\n\xed\xffq\x0b\xed\xff\xf7\n\xed\xff\xb3\x0b\xed\xff\xe7\n\xed\xffz\n\xed\xff\xe8\n\xed\xff\x9a\n\xed\xffj\x0b\xed\xff', '#name': 'sensor_bulk_data', '#sent_time': 951.340049536, '#receive_time': 952.1170178279999}
mcu 'THR':  got {'oid': 9, 'sequence': 26704, 'data': b'\xfa\n\xed\xff\xb3\x0b\xed\xff%\x0b\xed\xff\x08\x0b\xed\xff\xe5\n\xed\xffM\n\xed\xff\xf4\n\xed\xff\xbf\n\xed\xffm\x0b\xed\xffQ\n\xed\xff-\x0b\xed\xffR\x0b\xed\xff', '#name': 'sensor_bulk_data', '#sent_time': 951.340049536, '#receive_time': 952.1366922029999}
mcu 'THR':  got {'oid': 9, 'sequence': 26705, 'data': b'\xd2\n\xed\xffG\x0b\xed\xff\xc8\n\xed\xff\xea\n\xed\xffq\n\xed\xff\x00\x0b\xed\xff\xe4\n\xed\xff\xf3\n\xed\xff)\x0b\xed\xff\xa9\n\xed\xffP\x0b\xed\xffQ\n\xed\xff', '#name': 'sensor_bulk_data', '#sent_time': 951.340049536, '#receive_time': 952.1563184529999}
mcu 'THR':  got {'oid': 9, 'sequence': 26706, 'data': b'\xd0\n\xed\xff\xb9\n\xed\xff@\x0b\xed\xffE\x0b\xed\xff?\n\xed\xff\xc1\n\xed\xffG\n\xed\xffA\x0b\xed\xff\x16\x0b\xed\xff>\x0b\xed\xff\x10\x0b\xed\xff\xf6\n\xed\xff', '#name': 'sensor_bulk_data', '#sent_time': 951.340049536, '#receive_time': 952.176021703}
mcu 'THR':  got {'oid': 9, 'sequence': 26707, 'data': b'|\n\xed\xff\xb6\t\xed\xff\xc8\n\xed\xff\xa7\n\xed\xffz\x0b\xed\xff\x99\n\xed\xff\x9a\n\xed\xff\xfb\n\xed\xff_\n\xed\xff2\x0b\xed\xff\xd3\t\xed\xffI\x0b\xed\xff', '#name': 'sensor_bulk_data', '#sent_time': 951.340049536, '#receive_time': 952.195647078}
mcu 'THR':  got {'oid': 9, 'sequence': 26708, 'data': b'\x06\x0b\xed\xff\xfd\n\xed\xff\xc3\n\xed\xffI\n\xed\xff\xae\n\xed\xff]\n\xed\xff\x1b\x0b\xed\xff\xca\n\xed\xff)\x0b\xed\xff\xbe\n\xed\xff\xd4\n\xed\xff*\x0b\xed\xff', '#name': 'sensor_bulk_data', '#sent_time': 951.340049536, '#receive_time': 952.21529987}
mcu 'THR':  got {'oid': 9, 'sequence': 26709, 'data': b'\x97\n\xed\xff:\x0b\xed\xff\x9f\n\xed\xff\x12\x0b\xed\xff\x94\n\xed\xff\xb6\n\xed\xff\xcd\n\xed\xff\xbe\n\xed\xff \x0b\xed\xff.\n\xed\xff5\x0b\xed\xff\x81\n\xed\xff', '#name': 'sensor_bulk_data', '#sent_time': 951.340049536, '#receive_time': 952.234879745}
mcu 'THR':  got {'oid': 9, 'sequence': 26710, 'data': b'\xdd\n\xed\xffH\n\xed\xff\xac\n\xed\xff\n\x0b\xed\xff9\n\xed\xff[\x0b\xed\xff\xc3\n\xed\xff\xec\n\xed\xff:\n\xed\xff\xcb\n\xed\xff\x1a\x0b\xed\xff\xbc\n\xed\xff', '#name': 'sensor_bulk_data', '#sent_time': 951.340049536, '#receive_time': 952.254571912}
mcu 'THR':  got {'oid': 9, 'sequence': 26711, 'data': b'\xf2\n\xed\xff\xde\t\xed\xff\xb9\n\xed\xffc\n\xed\xff\x8f\n\xed\xffk\n\xed\xff\xad\n\xed\xffy\x0b\xed\xff\x90\n\xed\xff\xed\n\xed\xff<\n\xed\xff\x13\x0b\xed\xff', '#name': 'sensor_bulk_data', '#sent_time': 951.340049536, '#receive_time': 952.2741964119999}
mcu 'THR':  got {'oid': 9, 'sequence': 26712, 'data': b'\x9a\n\xed\xff\xc5\n\xed\xff\x08\x0b\xed\xff~\n\xed\xffW\x0b\xed\xff\xc0\n\xed\xff;\x0b\xed\xff\xb2\n\xed\xff\xc3\n\xed\xff\n\x0b\xed\xff\x90\n\xed\xff\xcd\n\xed\xff', '#name': 'sensor_bulk_data', '#sent_time': 951.340049536, '#receive_time': 952.2937961199999}
mcu 'THR':  got {'oid': 9, 'sequence': 26713, 'data': b')\n\xed\xff\xf5\n\xed\xffV\n\xed\xff\xf1\n\xed\xff\xe0\n\xed\xff\xf7\n\xed\xff;\x0b\xed\xff\xb6\n\xed\xff\x82\x0b\xed\xff\xa3\n\xed\xff\xe4\n\xed\xffY\n\xed\xff', '#name': 'sensor_bulk_data', '#sent_time': 951.340049536, '#receive_time': 952.313456787}
mcu 'mcu':  got {'oid': 15, 'next_clock': 1691438976, 'value': 13980, '#name': 'analog_in_state', '#sent_time': 951.819681537, '#receive_time': 952.331727745}
mcu 'THR':  got {'oid': 9, 'sequence': 26714, 'data': b"`\n\xed\xff0\x0b\xed\xff\xfc\n\xed\xff'\x0b\xed\xff@\n\xed\xffI\x0b\xed\xff]\n\xed\xff\x95\n\xed\xff\xed\n\xed\xff\xdd\n\xed\xffI\x0b\xed\xffl\n\xed\xff", '#name': 'sensor_bulk_data', '#sent_time': 952.324936995, '#receive_time': 952.33316062}
mcu 'mcu':  got {'oid': 16, 'next_clock': 1693438976, 'value': 31256, '#name': 'analog_in_state', '#sent_time': 951.819681537, '#receive_time': 952.341798412}
mcu 'THR':  got {'oid': 17, 'next_clock': 2745586625, 'value': 13888, '#name': 'analog_in_state', '#sent_time': 952.324936995, '#receive_time': 952.350749204}
mcu 'THR':  got {'oid': 9, 'sequence': 26715, 'data': b'*\x0b\xed\xff\x91\n\xed\xff\xc3\n\xed\xff\x94\n\xed\xff\x9d\n\xed\xffi\x0b\xed\xff\xd2\n\xed\xff\xcc\x0b\xed\xff\x99\n\xed\xff\xca\n\xed\xff\x83\n\xed\xff\x96\n\xed\xff', '#name': 'sensor_bulk_data', '#sent_time': 952.324936995, '#receive_time': 952.352743412}
mcu 'mcu':  got {'oid': 18, 'next_clock': 1697438976, 'value': 31248, '#name': 'analog_in_state', '#sent_time': 951.819681537, '#receive_time': 952.361806162}
mcu 'THR':  got {'oid': 9, 'sequence': 26716, 'data': b".\x0b\xed\xff\xb7\n\xed\xff5\x0b\xed\xff\x93\n\xed\xff,\x0b\xed\xff\xf7\n\xed\xff'\x0b\xed\xff\xe7\n\xed\xffN\n\xed\xff\x15\x0b\xed\xffr\n\xed\xff\x0c\x0b\xed\xff", '#name': 'sensor_bulk_data', '#sent_time': 952.324936995, '#receive_time': 952.372378995}
mcu 'mcu':  got {'oid': 20, 'next_clock': 1701438976, 'value': 31255, '#name': 'analog_in_state', '#sent_time': 951.819681537, '#receive_time': 952.381739245}
mcu 'THR':  got {'oid': 9, 'sequence': 26717, 'data': b'(\n\xed\xff\xc1\n\xed\xff\xab\n\xed\xffS\n\xed\xff\xca\n\xed\xffE\n\xed\xff\x05\x0b\xed\xff\xf3\n\xed\xff\xf4\n\xed\xffZ\n\xed\xff\xef\n\xed\xff<\x0b\xed\xff', '#name': 'sensor_bulk_data', '#sent_time': 952.324936995, '#receive_time': 952.3920186619999}
mcu 'THR':  got {'oid': 9, 'sequence': 26718, 'data': b'n\n\xed\xff-\x0b\xed\xfft\n\xed\xff\x05\x0b\xed\xff\xbd\n\xed\xff\x9c\n\xed\xff\xb6\n\xed\xff\x1b\n\xed\xff\xec\n\xed\xff@\n\xed\xff\xcc\n\xed\xff\xb8\n\xed\xff', '#name': 'sensor_bulk_data', '#sent_time': 952.324936995, '#receive_time': 952.411635287}
mcu 'THR':  got {'oid': 9, 'sequence': 26719, 'data': b'W\x0b\xed\xffS\x0b\xed\xff\x10\x0b\xed\xff2\x0b\xed\xff\\\n\xed\xffd\x0b\xed\xff\xbf\n\xed\xff\x80\n\xed\xff\xdc\n\xed\xff\xed\n\xed\xffD\x0b\xed\xff\xb5\n\xed\xff', '#name': 'sensor_bulk_data', '#sent_time': 952.324936995, '#receive_time': 952.4313134539999}
mcu 'THR':  got {'oid': 9, 'sequence': 26720, 'data': b'i\x0b\xed\xff\xe0\n\xed\xffI\x0b\xed\xff\xe5\n\xed\xff\xb4\n\xed\xff\xbd\n\xed\xff\xe6\t\xed\xff\x85\n\xed\xffC\n\xed\xff\xe3\n\xed\xff\xa0\n\xed\xff\xda\n\xed\xff', '#name': 'sensor_bulk_data', '#sent_time': 952.324936995, '#receive_time': 952.45095312}
mcu 'THR':  got {'oid': 9, 'sequence': 26721, 'data': b'#\x0b\xed\xff.\n\xed\xff\x1a\x0b\xed\xff\x98\n\xed\xff-\x0b\xed\xff\x8c\n\xed\xff\xb7\n\xed\xff6\x0b\xed\xff\xe1\n\xed\xff?\x0b\xed\xff\x91\n\xed\xffi\x0b\xed\xff', '#name': 'sensor_bulk_data', '#sent_time': 952.324936995, '#receive_time': 952.470656662}
mcu 'THR':  got {'oid': 9, 'sequence': 26722, 'data': b'\xa9\n\xed\xffU\x0b\xed\xff\x8a\x0b\xed\xff\xe5\n\xed\xff5\x0b\xed\xffx\n\xed\xff\xd8\n\xed\xff\x83\n\xed\xff\xdf\n\xed\xff\xb4\n\xed\xff\xd4\n\xed\xffn\x0b\xed\xff', '#name': 'sensor_bulk_data', '#sent_time': 952.324936995, '#receive_time': 952.49036312}
mcu 'THR':  got {'oid': 9, 'sequence': 26723, 'data': b't\n\xed\xffg\x0b\xed\xff\xbf\n\xed\xff}\x0b\xed\xff\x90\n\xed\xff\x06\n\xed\xff\xcc\n\xed\xffb\n\xed\xff#\x0b\xed\xff\xe4\t\xed\xffR\x0b\xed\xff\xe5\n\xed\xff', '#name': 'sensor_bulk_data', '#sent_time': 952.324936995, '#receive_time': 952.509856079}
mcu 'THR':  got {'oid': 9, 'sequence': 26724, 'data': b'{\n\xed\xff\xd1\n\xed\xff\x8a\n\xed\xff\xb3\n\xed\xff\xac\n\xed\xff\xa0\x0b\xed\xff\xc1\n\xed\xff\xef\n\xed\xff\x0e\x0b\xed\xff\xc2\n\xed\xffU\x0b\xed\xff\x87\n\xed\xff', '#name': 'sensor_bulk_data', '#sent_time': 952.324936995, '#receive_time': 952.529461329}
mcu 'THR':  got {'oid': 9, 'sequence': 26725, 'data': b'?\x0b\xed\xff\x9e\n\xed\xff\x9f\n\xed\xff\xac\n\xed\xff\x85\n\xed\xff\x1c\x0b\xed\xff\xeb\n\xed\xff\x90\x0b\xed\xff\xdb\n\xed\xff^\x0b\xed\xffs\n\xed\xff\xf3\n\xed\xff', '#name': 'sensor_bulk_data', '#sent_time': 952.324936995, '#receive_time': 952.549241287}
mcu 'THR':  got {'oid': 9, 'sequence': 26726, 'data': b'^\x0b\xed\xff\x9a\n\xed\xffW\x0b\xed\xff\xb4\n\xed\xff7\x0b\xed\xff\xf9\n\xed\xff\xd8\n\xed\xffz\x0b\xed\xff\x1b\x0b\xed\xff\xc6\x0b\xed\xff\xc2\n\xed\xff\x9e\x0b\xed\xff', '#name': 'sensor_bulk_data', '#sent_time': 952.324936995, '#receive_time': 952.568827037}
mcu 'THR':  got {'oid': 9, 'sequence': 26727, 'data': b'\x1e\x0b\xed\xffU\x0b\xed\xff\xc2\n\xed\xff=\n\xed\xff,\x0b\xed\xff\xbc\n\xed\xff\x7f\x0b\xed\xff\x92\n\xed\xff\xef\n\xed\xffO\x0b\xed\xff?\x0b\xed\xff>\x0b\xed\xff', '#name': 'sensor_bulk_data', '#sent_time': 952.324936995, '#receive_time': 952.588456495}
mcu 'THR':  got {'oid': 9, 'sequence': 26728, 'data': b'\x8f\n\xed\xffP\x0b\xed\xff\xa7\n\xed\xff\xe0\n\xed\xff\xaf\n\xed\xff\xb0\n\xed\xff\x17\x0b\xed\xff\x88\n\xed\xff\xf1\n\xed\xff^\n\xed\xff\x19\x0b\xed\xffY\n\xed\xff', '#name': 'sensor_bulk_data', '#sent_time': 952.324936995, '#receive_time': 952.60802412}
mcu 'THR':  got {'oid': 9, 'sequence': 26729, 'data': b'\xae\n\xed\xff/\x0b\xed\xffE\n\xed\xff"\x0b\xed\xff\xa9\n\xed\xff~\x0b\xed\xff\x89\n\xed\xff\xc0\n\xed\xff\xbe\n\xed\xffj\n\xed\xff\x96\x0b\xed\xff\xec\n\xed\xff', '#name': 'sensor_bulk_data', '#sent_time': 952.324936995, '#receive_time': 952.627703162}
mcu 'mcu':  got {'oid': 15, 'next_clock': 1751438976, 'value': 13978, '#name': 'analog_in_state', '#sent_time': 951.819681537, '#receive_time': 952.631890995}
mcu 'mcu':  got {'oid': 16, 'next_clock': 1753438976, 'value': 31266, '#name': 'analog_in_state', '#sent_time': 951.819681537, '#receive_time': 952.641762454}
mcu 'THR':  got {'oid': 9, 'sequence': 26730, 'data': b'\\\x0b\xed\xff\x9b\n\xed\xff\x87\n\xed\xffo\n\xed\xff\x10\n\xed\xff\x8e\n\xed\xffY\n\xed\xff\xec\n\xed\xff\xfc\t\xed\xff\x1e\n\xed\xff9\n\xed\xff\x05\x0b\xed\xff', '#name': 'sensor_bulk_data', '#sent_time': 952.324936995, '#receive_time': 952.6473501199999}
mcu 'THR':  got {'oid': 17, 'next_clock': 2781586625, 'value': 13888, '#name': 'analog_in_state', '#sent_time': 952.324936995, '#receive_time': 952.650741245}
mcu 'mcu':  got {'oid': 18, 'next_clock': 1757438976, 'value': 31244, '#name': 'analog_in_state', '#sent_time': 951.819681537, '#receive_time': 952.661771954}
mcu 'THR':  got {'oid': 9, 'sequence': 26731, 'data': b']\x0b\xed\xff\xae\n\xed\xff\xa5\x0b\xed\xff\xa0\n\xed\xff\x11\x0b\xed\xff\x0c\x0b\xed\xff\xaa\n\xed\xff\xa4\n\xed\xff\x1c\n\xed\xff\xed\n\xed\xffn\n\xed\xffQ\x0b\xed\xff', '#name': 'sensor_bulk_data', '#sent_time': 952.324936995, '#receive_time': 952.6669789949999}
mcu 'mcu':  got {'oid': 20, 'next_clock': 1761438976, 'value': 31252, '#name': 'analog_in_state', '#sent_time': 951.819681537, '#receive_time': 952.681763079}
mcu 'THR':  got {'oid': 9, 'sequence': 26732, 'data': b'\xd4\n\xed\xff\xf6\n\xed\xff\xd6\n\xed\xff\xb2\n\xed\xff3\x0b\xed\xffd\n\xed\xff \x0b\xed\xff[\n\xed\xff\xac\n\xed\xffT\n\xed\xff\x9b\n\xed\xffO\x0b\xed\xff', '#name': 'sensor_bulk_data', '#sent_time': 952.324936995, '#receive_time': 952.686617204}
mcu 'THR':  got {'oid': 9, 'sequence': 26733, 'data': b'F\n\xed\xff\xd9\n\xed\xffr\n\xed\xff\x08\x0b\xed\xff\xc7\n\xed\xff\xe7\n\xed\xff\x0b\x0b\xed\xffK\n\xed\xff\x8b\n\xed\xff9\n\xed\xff\\\x0b\xed\xff"\x0b\xed\xff', '#name': 'sensor_bulk_data', '#sent_time': 952.324936995, '#receive_time': 952.706317829}
mcu 'THR':  got {'oid': 9, 'sequence': 26734, 'data': b'\xe9\n\xed\xff\xb3\n\xed\xff\x9b\n\xed\xff\x8a\x0b\xed\xffv\n\xed\xff%\x0b\xed\xff]\n\xed\xff\xb6\n\xed\xff\xdf\n\xed\xff\x8d\n\xed\xff\x10\x0b\xed\xff\xa1\n\xed\xff', '#name': 'sensor_bulk_data', '#sent_time': 952.324936995, '#receive_time': 952.7259035369999}
mcu 'THR':  got {'oid': 9, 'sequence': 26735, 'data': b'\xa1\x0b\xed\xff\xb3\n\xed\xff\xa2\n\xed\xff\xef\n\xed\xff\xfe\n\xed\xff\x10\x0b\xed\xffs\n\xed\xff\x89\x0b\xed\xff\xc1\n\xed\xff4\x0b\xed\xff\xf9\n\xed\xff\xc3\n\xed\xff', '#name': 'sensor_bulk_data', '#sent_time': 952.324936995, '#receive_time': 952.745596579}
mcu 'THR':  got {'oid': 9, 'sequence': 26736, 'data': b'\xe2\n\xed\xffc\n\xed\xff\x8d\x0b\xed\xff\xc2\n\xed\xff\x0e\x0b\xed\xff\xaa\n\xed\xff\xb5\n\xed\xff\xb0\n\xed\xff\xf0\t\xed\xff\x18\x0b\xed\xff\x91\n\xed\xffK\x0b\xed\xff', '#name': 'sensor_bulk_data', '#sent_time': 952.324936995, '#receive_time': 952.765244704}
mcu 'THR':  got {'oid': 9, 'sequence': 26737, 'data': b'\xa7\n\xed\xff\xf5\n\xed\xff\xf5\n\xed\xffx\n\xed\xff\x83\x0b\xed\xff\x95\n\xed\xff&\x0b\xed\xff\xa5\n\xed\xff\x94\n\xed\xff\xb9\n\xed\xff\x9d\n\xed\xff\x92\x0b\xed\xff', '#name': 'sensor_bulk_data', '#sent_time': 952.324936995, '#receive_time': 952.784847329}
mcu 'THR':  got {'oid': 9, 'sequence': 26738, 'data': b'\xf9\n\xed\xff\x87\x0b\xed\xffH\n\xed\xff\xde\n\xed\xff\xba\n\xed\xff\xf3\n\xed\xffY\x0b\xed\xff\xcf\n\xed\xff:\x0b\xed\xffF\n\xed\xff\xd2\n\xed\xff\xbb\n\xed\xff', '#name': 'sensor_bulk_data', '#sent_time': 952.324936995, '#receive_time': 952.804498662}
mcu 'THR':  got {'oid': 9, 'sequence': 26739, 'data': b'=\x0b\xed\xff\x0e\x0b\xed\xff\xaa\n\xed\xff\xaf\x0b\xed\xff\xb3\n\xed\xff\xd7\n\xed\xffo\n\xed\xff\xba\n\xed\xff\x8a\n\xed\xff\xf8\t\xed\xff\xd6\n\xed\xffu\n\xed\xff', '#name': 'sensor_bulk_data', '#sent_time': 952.324936995, '#receive_time': 952.8241062449999}
mcu 'THR':  got {'oid': 9, 'sequence': 26740, 'data': b'!\x0b\xed\xff\xf1\n\xed\xff\x12\x0b\xed\xffq\n\xed\xff\x8e\n\xed\xffd\x0b\xed\xffB\n\xed\xff\xe4\n\xed\xff\xf3\t\xed\xff\xcf\n\xed\xffR\n\xed\xffR\n\xed\xff', '#name': 'sensor_bulk_data', '#sent_time': 952.324936995, '#receive_time': 952.8437479539999}
mcu 'THR':  got {'oid': 9, 'sequence': 26741, 'data': b'"\x0b\xed\xff\x82\n\xed\xff[\x0b\xed\xff\xa2\n\xed\xff<\x0b\xed\xff\xc4\n\xed\xffB\x0b\xed\xff*\x0b\xed\xff[\n\xed\xffS\x0b\xed\xff\xae\n\xed\xff\xe7\x0b\xed\xff', '#name': 'sensor_bulk_data', '#sent_time': 952.324936995, '#receive_time': 952.8634652039999}
mcu 'THR':  got {'oid': 9, 'sequence': 26742, 'data': b'?\x0b\xed\xff\x9c\n\xed\xff\xd7\n\xed\xff\xb8\n\xed\xff!\x0b\xed\xffr\n\xed\xff^\x0b\xed\xffy\n\xed\xff~\n\xed\xff\xae\n\xed\xff\x93\n\xed\xff\x06\x0b\xed\xff', '#name': 'sensor_bulk_data', '#sent_time': 952.324936995, '#receive_time': 952.8830313699999}
mcu 'THR':  got {'oid': 9, 'sequence': 26743, 'data': b'(\n\xed\xff\xc7\n\xed\xff4\n\xed\xff\xfc\n\xed\xff\xe4\n\xed\xff\x8d\n\xed\xff\xa5\n\xed\xffz\n\xed\xff&\x0b\xed\xffH\n\xed\xffd\x0b\xed\xff\xff\n\xed\xff', '#name': 'sensor_bulk_data', '#sent_time': 952.324936995, '#receive_time': 952.9027282039999}
mcu 'THR':  got {'oid': 9, 'sequence': 26744, 'data': b'\x0c\x0b\xed\xffx\x0b\xed\xff6\x0b\xed\xff\xa2\x0b\xed\xff`\n\xed\xff\xb3\n\xed\xff\x85\n\xed\xff\xd3\n\xed\xff\xf3\n\xed\xff\xc4\n\xed\xffx\x0b\xed\xff\xf4\n\xed\xff', '#name': 'sensor_bulk_data', '#sent_time': 952.324936995, '#receive_time': 952.922313037}
mcu 'mcu':  got {'oid': 15, 'next_clock': 1811438976, 'value': 13972, '#name': 'analog_in_state', '#sent_time': 952.80403062, '#receive_time': 952.931754079}
mcu 'mcu':  got {'oid': 16, 'next_clock': 1813438976, 'value': 31256, '#name': 'analog_in_state', '#sent_time': 952.80403062, '#receive_time': 952.94176962}
mcu 'THR':  got {'oid': 9, 'sequence': 26745, 'data': b'<\x0b\xed\xff\xca\n\xed\xff\x1f\x0b\xed\xff\xc4\n\xed\xff\x87\n\xed\xff#\x0b\xed\xff\x94\n\xed\xff \x0b\xed\xffY\n\xed\xff\xe6\n\xed\xff\xe1\n\xed\xff\xdc\n\xed\xff', '#name': 'sensor_bulk_data', '#sent_time': 952.324936995, '#receive_time': 952.9419952869999}
mcu 'THR':  got {'oid': 17, 'next_clock': 2817586625, 'value': 13888, '#name': 'analog_in_state', '#sent_time': 952.324936995, '#receive_time': 952.950773787}
mcu 'mcu':  got {'oid': 18, 'next_clock': 1817438976, 'value': 31251, '#name': 'analog_in_state', '#sent_time': 952.80403062, '#receive_time': 952.961784954}
mcu 'THR':  got {'oid': 9, 'sequence': 26746, 'data': b'v\x0b\xed\xff%\n\xed\xff\xde\n\xed\xffU\n\xed\xff\xc6\n\xed\xff\xc1\n\xed\xff\xc1\n\xed\xff\xe4\n\xed\xff>\n\xed\xff\xec\n\xed\xff\xcb\n\xed\xff\x89\x0b\xed\xff', '#name': 'sensor_bulk_data', '#sent_time': 952.324936995, '#receive_time': 952.961833287}
mcu 'mcu':  got {'oid': 20, 'next_clock': 1821438976, 'value': 31248, '#name': 'analog_in_state', '#sent_time': 952.80403062, '#receive_time': 952.981752454}
mcu 'THR':  got {'oid': 9, 'sequence': 26747, 'data': b'g\n\xed\xff\xa3\n\xed\xff\xf6\n\xed\xff\xb5\n\xed\xffU\x0b\xed\xff\x81\n\xed\xff6\x0b\xed\xff\x99\n\xed\xff\x1f\x0b\xed\xff\xd1\n\xed\xff_\n\xed\xff\xdb\n\xed\xff', '#name': 'sensor_bulk_data', '#sent_time': 952.324936995, '#receive_time': 952.981426579}
mcu 'THR':  got {'oid': 9, 'sequence': 26748, 'data': b's\n\xed\xff\x8a\x0b\xed\xff\x99\n\xed\xff\xbf\n\xed\xff(\n\xed\xff\xd7\n\xed\xff?\x0b\xed\xff\xc0\n\xed\xff_\x0b\xed\xff\xe6\n\xed\xffI\x0b\xed\xff\xc9\n\xed\xff', '#name': 'sensor_bulk_data', '#sent_time': 952.324936995, '#receive_time': 953.001335454}
mcu 'THR':  got {'oid': 9, 'sequence': 26749, 'data': b'\xff\n\xed\xff\x1c\x0b\xed\xff\xd1\n\xed\xff\xf5\n\xed\xff\x19\n\xed\xff\x89\n\xed\xff\xd0\t\xed\xff\x9f\n\xed\xff\xfa\n\xed\xff\x99\n\xed\xff\x11\x0b\xed\xff\x8d\n\xed\xff', '#name': 'sensor_bulk_data', '#sent_time': 952.324936995, '#receive_time': 953.0205839959999}
mcu 'THR':  got {'oid': 9, 'sequence': 26750, 'data': b'*\x0b\xed\xffO\n\xed\xff\xb5\n\xed\xff\xa0\n\xed\xff\xb9\n\xed\xff\x17\x0b\xed\xff\xc6\n\xed\xff\xa0\x0b\xed\xff\xb5\n\xed\xff\xff\n\xed\xff\xb3\n\xed\xff\xe9\n\xed\xff', '#name': 'sensor_bulk_data', '#sent_time': 952.324936995, '#receive_time': 953.040195079}
mcu 'THR':  got {'oid': 9, 'sequence': 26751, 'data': b'\x94\n\xed\xff"\n\xed\xff\x1c\x0b\xed\xffO\n\xed\xff\xfb\n\xed\xff\x1d\x0b\xed\xff\xef\n\xed\xff\x1d\x0b\xed\xff\xca\n\xed\xffW\x0b\xed\xff\xb3\n\xed\xff\xf0\n\xed\xff', '#name': 'sensor_bulk_data', '#sent_time': 952.324936995, '#receive_time': 953.0598292039999}
mcu 'THR':  got {'oid': 9, 'sequence': 26752, 'data': b'\xff\t\xed\xff\xbf\n\xed\xff\x0e\x0b\xed\xff\xc2\n\xed\xffA\x0b\xed\xff\xa5\n\xed\xffz\x0b\xed\xffa\n\xed\xff\x06\x0b\xed\xff\x19\x0b\xed\xff\xad\n\xed\xff\xea\n\xed\xff', '#name': 'sensor_bulk_data', '#sent_time': 952.324936995, '#receive_time': 953.079382829}
mcu 'THR':  got {'oid': 9, 'sequence': 26753, 'data': b'R\n\xed\xff\x0b\x0b\xed\xffi\n\xed\xff&\x0b\xed\xff\xd2\n\xed\xff`\n\xed\xff\xb7\n\xed\xff\xba\n\xed\xffC\x0b\xed\xffP\n\xed\xfft\n\xed\xffM\n\xed\xff', '#name': 'sensor_bulk_data', '#sent_time': 952.324936995, '#receive_time': 953.0991190369999}
mcu 'THR':  got {'oid': 9, 'sequence': 26754, 'data': b'\xc2\n\xed\xffp\n\xed\xff\x8f\n\xed\xff\x87\x0b\xed\xff\x82\n\xed\xff\xbe\n\xed\xfff\n\xed\xff\xdf\n\xed\xff\x9e\n\xed\xff}\n\xed\xff\x0f\x0b\xed\xff\x9b\n\xed\xff', '#name': 'sensor_bulk_data', '#sent_time': 952.324936995, '#receive_time': 953.118739496}
mcu 'THR':  got {'oid': 9, 'sequence': 26755, 'data': b'3\x0b\xed\xff\xb2\n\xed\xffw\x0b\xed\xff\x1c\x0b\xed\xff\x1c\x0b\xed\xff\xad\x0b\xed\xff\xb0\n\xed\xffy\x0b\xed\xff\xd0\n\xed\xff^\x0b\xed\xff\xa2\n\xed\xff\xca\n\xed\xff', '#name': 'sensor_bulk_data', '#sent_time': 952.324936995, '#receive_time': 953.1383249119999}
mcu 'THR':  got {'oid': 9, 'sequence': 26756, 'data': b'-\x0b\xed\xff\x99\n\xed\xff"\x0b\xed\xffg\n\xed\xff\xa5\x0b\xed\xff\xc0\n\xed\xff\xa9\n\xed\xff\x95\n\xed\xffL\n\xed\xffD\x0b\xed\xff\xb3\n\xed\xff.\x0b\xed\xff', '#name': 'sensor_bulk_data', '#sent_time': 952.324936995, '#receive_time': 953.158217746}
mcu 'THR':  got {'oid': 9, 'sequence': 26757, 'data': b'#\n\xed\xff\xa5\n\xed\xff:\x0b\xed\xffu\n\xed\xff\x07\x0b\xed\xffp\n\xed\xff\x16\x0b\xed\xff\xc7\n\xed\xff\x06\x0b\xed\xff\x9c\n\xed\xffc\n\xed\xffe\n\xed\xff', '#name': 'sensor_bulk_data', '#sent_time': 952.324936995, '#receive_time': 953.1776322459999}
mcu 'THR':  got {'oid': 9, 'sequence': 26758, 'data': b']\n\xed\xffO\x0b\xed\xff\x1c\n\xed\xff\x87\n\xed\xff^\n\xed\xffz\n\xed\xff\xb4\n\xed\xff\xf3\t\xed\xff\x90\n\xed\xff\x98\n\xed\xff3\x0b\xed\xffu\n\xed\xff', '#name': 'sensor_bulk_data', '#sent_time': 952.324936995, '#receive_time': 953.197254121}
mcu 'THR':  got {'oid': 9, 'sequence': 26759, 'data': b'\x89\n\xed\xff\xdc\n\xed\xff\xc2\n\xed\xff#\x0b\xed\xff\x90\n\xed\xff/\x0b\xed\xff\xdf\n\xed\xffq\x0b\xed\xff\x1c\x0b\xed\xff\xd2\n\xed\xff\xd3\n\xed\xff\xf4\t\xed\xff', '#name': 'sensor_bulk_data', '#sent_time': 952.324936995, '#receive_time': 953.2169086619999}
mcu 'mcu':  got {'oid': 15, 'next_clock': 1871438976, 'value': 13974, '#name': 'analog_in_state', '#sent_time': 952.80403062, '#receive_time': 953.231760121}
mcu 'THR':  got {'oid': 9, 'sequence': 26760, 'data': b'c\x0b\xed\xffe\n\xed\xff\xe8\n\xed\xff\x90\n\xed\xffq\n\xed\xff\x14\x0b\xed\xff\x81\n\xed\xff0\x0b\xed\xff\x8e\n\xed\xff\x0e\x0b\xed\xff|\n\xed\xffh\n\xed\xff', '#name': 'sensor_bulk_data', '#sent_time': 952.324936995, '#receive_time': 953.2365678709999}
mcu 'mcu':  got {'oid': 16, 'next_clock': 1873438976, 'value': 31260, '#name': 'analog_in_state', '#sent_time': 952.80403062, '#receive_time': 953.241799579}
mcu 'THR':  got {'oid': 17, 'next_clock': 2853586625, 'value': 13889, '#name': 'analog_in_state', '#sent_time': 952.324936995, '#receive_time': 953.250718871}
mcu 'THR':  got {'oid': 9, 'sequence': 26761, 'data': b'(\x0b\xed\xff\xb3\n\xed\xff9\x0b\xed\xff\xa7\n\xed\xffA\x0b\xed\xff\x7f\n\xed\xff\xc7\n\xed\xff\xcb\n\xed\xff\x19\x0b\xed\xffY\x0b\xed\xffb\n\xed\xfft\x0b\xed\xff', '#name': 'sensor_bulk_data', '#sent_time': 952.324936995, '#receive_time': 953.256239037}
mcu 'mcu':  got {'oid': 18, 'next_clock': 1877438976, 'value': 31246, '#name': 'analog_in_state', '#sent_time': 952.80403062, '#receive_time': 953.261820454}
mcu 'THR':  got {'oid': 9, 'sequence': 26762, 'data': b'u\n\xed\xff\x86\n\xed\xff\xa1\n\xed\xff\x85\n\xed\xff$\x0b\xed\xff\xad\n\xed\xff,\x0b\xed\xff4\x0b\xed\xff\xcf\x0b\xed\xffX\x0b\xed\xffI\x0b\xed\xff|\x0b\xed\xff', '#name': 'sensor_bulk_data', '#sent_time': 952.324936995, '#receive_time': 953.2759443289999}
mcu 'mcu':  got {'oid': 20, 'next_clock': 1881438976, 'value': 31260, '#name': 'analog_in_state', '#sent_time': 952.80403062, '#receive_time': 953.281838704}
mcu 'THR':  got {'oid': 9, 'sequence': 26763, 'data': b'r\n\xed\xff1\x0b\xed\xfft\n\xed\xff\xdb\n\xed\xff|\n\xed\xffs\n\xed\xff\x8d\n\xed\xff)\n\xed\xff\xcb\n\xed\xff\x86\n\xed\xff\xbb\n\xed\xffH\n\xed\xff', '#name': 'sensor_bulk_data', '#sent_time': 952.324936995, '#receive_time': 953.2954635369999}
mcu 'THR':  got {'oid': 9, 'sequence': 26764, 'data': b'\xec\n\xed\xff=\x0b\xed\xff\xa5\n\xed\xffb\x0b\xed\xff\x91\n\xed\xffL\x0b\xed\xff\xe4\n\xed\xff\xa2\n\xed\xff~\n\xed\xffj\n\xed\xff@\x0b\xed\xff\xbe\n\xed\xff', '#name': 'sensor_bulk_data', '#sent_time': 953.309317621, '#receive_time': 953.3151052459999}
mcu 'THR':  got {'oid': 9, 'sequence': 26765, 'data': b';\x0b\xed\xff\xc0\n\xed\xff\xdb\n\xed\xffY\n\xed\xff\xa1\n\xed\xff\x1b\x0b\xed\xffr\n\xed\xff\x17\x0b\xed\xffZ\n\xed\xff?\x0b\xed\xff/\x0b\xed\xff\x0e\x0b\xed\xff', '#name': 'sensor_bulk_data', '#sent_time': 953.309317621, '#receive_time': 953.334804996}
mcu 'THR':  got {'oid': 9, 'sequence': 26766, 'data': b'5\x0b\xed\xff\x8d\n\xed\xff}\n\xed\xff\xcf\n\xed\xff\xb4\x0b\xed\xffR\n\xed\xff\xa7\n\xed\xff\xd4\n\xed\xff|\n\xed\xff\x05\x0b\xed\xff\x8b\n\xed\xffV\x0b\xed\xff', '#name': 'sensor_bulk_data', '#sent_time': 953.309317621, '#receive_time': 953.354458371}
mcu 'THR':  got {'oid': 9, 'sequence': 26767, 'data': b'\x85\n\xed\xff\xed\n\xed\xff\xec\n\xed\xff\xb3\n\xed\xff\xd1\n\xed\xffQ\n\xed\xffg\x0b\xed\xff{\n\xed\xff\x00\x0b\xed\xff\xe6\n\xed\xff\xb5\n\xed\xff\x1f\x0b\xed\xff', '#name': 'sensor_bulk_data', '#sent_time': 953.309317621, '#receive_time': 953.374168329}
mcu 'THR':  got {'oid': 9, 'sequence': 26768, 'data': b'\xf4\n\xed\xffR\x0b\xed\xff\x98\n\xed\xff\xfe\n\xed\xffp\n\xed\xffv\x0b\xed\xff\x8f\x0b\xed\xff\xaf\n\xed\xffg\x0b\xed\xff\xb5\n\xed\xff\xc0\n\xed\xff\xa0\n\xed\xff', '#name': 'sensor_bulk_data', '#sent_time': 953.309317621, '#receive_time': 953.393702996}
mcu 'THR':  got {'oid': 9, 'sequence': 26769, 'data': b'L\x0b\xed\xff\t\x0b\xed\xffE\n\xed\xff\xe2\n\xed\xffP\n\xed\xffc\x0b\xed\xff\x98\n\xed\xff\xb9\n\xed\xff\xc9\n\xed\xff\xcb\n\xed\xff\xe9\n\xed\xffN\n\xed\xff', '#name': 'sensor_bulk_data', '#sent_time': 953.309317621, '#receive_time': 953.4132887039999}
mcu 'THR':  got {'oid': 9, 'sequence': 26770, 'data': b'\x83\x0b\xed\xff\xf5\n\xed\xffE\x0b\xed\xff\x16\x0b\xed\xff\xe2\n\xed\xff\x06\x0b\xed\xffx\n\xed\xffu\x0b\xed\xffe\n\xed\xff\xf1\n\xed\xff\xb1\n\xed\xff\xfa\n\xed\xff', '#name': 'sensor_bulk_data', '#sent_time': 953.309317621, '#receive_time': 953.4329694959999}
mcu 'THR':  got {'oid': 9, 'sequence': 26771, 'data': b'\xbf\n\xed\xffj\n\xed\xff\x1c\x0b\xed\xffB\n\xed\xff\xa7\n\xed\xff"\n\xed\xff\xe4\n\xed\xff\x00\x0b\xed\xff\x10\n\xed\xff\xd5\n\xed\xff9\n\xed\xff\'\x0b\xed\xff', '#name': 'sensor_bulk_data', '#sent_time': 953.309317621, '#receive_time': 953.452656412}
mcu 'THR':  got {'oid': 9, 'sequence': 26772, 'data': b'\xde\n\xed\xffj\x0b\xed\xff\xe1\n\xed\xff\xaa\n\xed\xff\t\x0b\xed\xff\x93\n\xed\xff\x94\x0b\xed\xff\x9d\n\xed\xff3\x0b\xed\xff\xc8\n\xed\xff\xba\n\xed\xff\x1f\x0b\xed\xff', '#name': 'sensor_bulk_data', '#sent_time': 953.309317621, '#receive_time': 953.472247662}
mcu 'THR':  got {'oid': 9, 'sequence': 26773, 'data': b'\x91\n\xed\xff\x0f\x0b\xed\xffa\n\xed\xff\x02\x0b\xed\xff\x95\n\xed\xff\xa3\n\xed\xffJ\x0b\xed\xff\xd1\n\xed\xff\xdd\n\xed\xff)\n\xed\xff\xff\n\xed\xff\xcb\n\xed\xff', '#name': 'sensor_bulk_data', '#sent_time': 953.309317621, '#receive_time': 953.491933996}
mcu 'THR':  got {'oid': 9, 'sequence': 26774, 'data': b'0\x0b\xed\xff\xd8\n\xed\xff\xe1\n\xed\xff\xa1\x0b\xed\xffY\n\xed\xff\x05\x0b\xed\xff\x99\n\xed\xff\xc1\n\xed\xff\xe7\n\xed\xff\xed\n\xed\xff\x17\x0b\xed\xffx\n\xed\xff', '#name': 'sensor_bulk_data', '#sent_time': 953.309317621, '#receive_time': 953.511577454}
mcu 'mcu':  got {'oid': 15, 'next_clock': 1931438976, 'value': 13980, '#name': 'analog_in_state', '#sent_time': 952.80403062, '#receive_time': 953.531827954}
mcu 'THR':  got {'oid': 9, 'sequence': 26775, 'data': b'\xc0\n\xed\xff8\n\xed\xff#\x0b\xed\xff\xff\n\xed\xff\xf7\n\xed\xff\x90\x0b\xed\xff(\x0b\xed\xff\xd2\x0b\xed\xff\xbb\n\xed\xff\xac\n\xed\xff\xfb\t\xed\xff\x17\n\xed\xff', '#name': 'sensor_bulk_data', '#sent_time': 953.309317621, '#receive_time': 953.531300829}
mcu 'mcu':  got {'oid': 16, 'next_clock': 1933438976, 'value': 31256, '#name': 'analog_in_state', '#sent_time': 952.80403062, '#receive_time': 953.541762996}
mcu 'THR':  got {'oid': 17, 'next_clock': 2889586625, 'value': 13888, '#name': 'analog_in_state', '#sent_time': 953.309317621, '#receive_time': 953.550979496}
mcu 'THR':  got {'oid': 9, 'sequence': 26776, 'data': b'\x93\n\xed\xffZ\n\xed\xff\xed\n\xed\xff\x8f\n\xed\xff7\x0b\xed\xffv\n\xed\xff\xab\n\xed\xff\xbf\n\xed\xff\xd3\n\xed\xffR\x0b\xed\xffr\n\xed\xff\x0b\x0b\xed\xff', '#name': 'sensor_bulk_data', '#sent_time': 953.309317621, '#receive_time': 953.550871371}
mcu 'mcu':  got {'oid': 18, 'next_clock': 1937438976, 'value': 31253, '#name': 'analog_in_state', '#sent_time': 952.80403062, '#receive_time': 953.561778329}
mcu 'THR':  got {'oid': 9, 'sequence': 26777, 'data': b'\x85\n\xed\xff\xfa\n\xed\xff\x1d\x0b\xed\xff\x05\x0b\xed\xffP\x0b\xed\xff\xc8\n\xed\xff\xe4\x0b\xed\xff\xd8\n\xed\xff*\x0b\xed\xff\xf2\n\xed\xff\xed\n\xed\xff\x06\x0b\xed\xff', '#name': 'sensor_bulk_data', '#sent_time': 953.309317621, '#receive_time': 953.570469037}
mcu 'mcu':  got {'oid': 20, 'next_clock': 1941438976, 'value': 31254, '#name': 'analog_in_state', '#sent_time': 952.80403062, '#receive_time': 953.581746412}
mcu 'THR':  got {'oid': 9, 'sequence': 26778, 'data': b'C\n\xed\xffr\x0b\xed\xff\xf1\n\xed\xff\xf8\n\xed\xff\xe1\n\xed\xff\xff\n\xed\xff\xa7\n\xed\xff[\n\xed\xff2\x0b\xed\xff\xad\n\xed\xff6\x0b\xed\xff\xb1\n\xed\xff', '#name': 'sensor_bulk_data', '#sent_time': 953.309317621, '#receive_time': 953.590158871}
mcu 'THR':  got {'oid': 9, 'sequence': 26779, 'data': b'\xbe\n\xed\xff\xe3\n\xed\xff^\n\xed\xff0\x0b\xed\xffc\n\xed\xff\x9c\n\xed\xff\x16\n\xed\xff\xde\n\xed\xff\x1d\x0b\xed\xff\xcf\n\xed\xff\x8d\x0b\xed\xff\x99\n\xed\xff', '#name': 'sensor_bulk_data', '#sent_time': 953.309317621, '#receive_time': 953.6098277039999}
mcu 'THR':  got {'oid': 9, 'sequence': 26780, 'data': b'\xe3\n\xed\xffN\n\xed\xffG\n\xed\xff\x80\n\xed\xff\xdb\n\xed\xff6\x0b\xed\xff\xd7\n\xed\xff\x05\x0c\xed\xff\x1e\x0b\xed\xffi\x0b\xed\xff\xfe\n\xed\xff\xce\n\xed\xff', '#name': 'sensor_bulk_data', '#sent_time': 953.309317621, '#receive_time': 953.629594537}
mcu 'THR':  got {'oid': 9, 'sequence': 26781, 'data': b'j\x0b\xed\xff\xf2\n\xed\xff\xf7\n\xed\xff\xfc\t\xed\xff\xf2\n\xed\xff\xa2\n\xed\xff\xc6\n\xed\xff\xff\n\xed\xff\xd0\n\xed\xffA\x0b\xed\xff\x8a\n\xed\xff\x18\x0b\xed\xff', '#name': 'sensor_bulk_data', '#sent_time': 953.309317621, '#receive_time': 953.649001454}
mcu 'THR':  got {'oid': 9, 'sequence': 26782, 'data': b'x\n\xed\xff\x15\x0b\xed\xff\x0f\x0b\xed\xff~\n\xed\xff\xf3\n\xed\xff\x86\n\xed\xff\xe8\n\xed\xff\x1c\n\xed\xff\xcf\n\xed\xff\xa5\n\xed\xff\xe5\n\xed\xff\xb8\x0b\xed\xff', '#name': 'sensor_bulk_data', '#sent_time': 953.309317621, '#receive_time': 953.668648996}
mcu 'THR':  got {'oid': 9, 'sequence': 26783, 'data': b'\x9d\n\xed\xff7\x0b\xed\xff^\n\xed\xff!\x0b\xed\xff\xe8\n\xed\xffJ\x0b\xed\xffa\x0b\xed\xffd\n\xed\xff\x10\x0b\xed\xffZ\n\xed\xff:\x0b\xed\xff\t\x0b\xed\xff', '#name': 'sensor_bulk_data', '#sent_time': 953.309317621, '#receive_time': 953.6882854539999}
mcu 'THR':  got {'oid': 9, 'sequence': 26784, 'data': b'\x84\n\xed\xff\xa0\n\xed\xffG\n\xed\xff\x7f\x0b\xed\xff*\x0b\xed\xff\x90\x0b\xed\xff\xcb\n\xed\xff\xa0\x0b\xed\xff\xa1\x0b\xed\xff\x98\n\xed\xff\x1a\x0b\xed\xff\xd8\t\xed\xff', '#name': 'sensor_bulk_data', '#sent_time': 953.309317621, '#receive_time': 953.707923663}
mcu 'THR':  got {'oid': 9, 'sequence': 26785, 'data': b'\x95\n\xed\xffj\n\xed\xff\x18\x0b\xed\xff\x0c\x0b\xed\xff\x10\x0b\xed\xff\x07\x0b\xed\xff\x1c\n\xed\xff\xe7\n\xed\xff\xaf\n\xed\xff6\x0b\xed\xff\xce\n\xed\xff\x8f\n\xed\xff', '#name': 'sensor_bulk_data', '#sent_time': 953.309317621, '#receive_time': 953.7276129129999}
mcu 'THR':  got {'oid': 9, 'sequence': 26786, 'data': b'\xc3\n\xed\xffh\n\xed\xff\x00\x0b\xed\xff\x80\n\xed\xff\x93\x0b\xed\xff\xa0\n\xed\xff\xf7\n\xed\xffR\x0b\xed\xff\xa6\n\xed\xff!\x0b\xed\xffo\n\xed\xffU\x0b\xed\xff', '#name': 'sensor_bulk_data', '#sent_time': 953.309317621, '#receive_time': 953.747268954}
mcu 'THR':  got {'oid': 9, 'sequence': 26787, 'data': b'\xc8\n\xed\xff\x01\x0b\xed\xff]\x0b\xed\xff\xdd\n\xed\xff#\x0b\xed\xffI\n\xed\xff\xf6\n\xed\xffN\n\xed\xff\xac\n\xed\xff\x10\x0b\xed\xff\xd4\n\xed\xff"\x0b\xed\xff', '#name': 'sensor_bulk_data', '#sent_time': 953.309317621, '#receive_time': 953.766835704}
mcu 'THR':  got {'oid': 9, 'sequence': 26788, 'data': b'\xbe\n\xed\xffz\x0b\xed\xff\xc1\n\xed\xff\xb4\x0b\xed\xff\xad\n\xed\xff\x9c\n\xed\xff\x1e\x0b\xed\xff\xa0\n\xed\xff>\x0b\xed\xffv\n\xed\xff8\x0b\xed\xff\xfa\n\xed\xff', '#name': 'sensor_bulk_data', '#sent_time': 953.309317621, '#receive_time': 953.7864820789999}
mcu 'THR':  got {'oid': 9, 'sequence': 26789, 'data': b'\x15\x0b\xed\xff\xee\n\xed\xff\x94\n\xed\xff\x9a\x0b\xed\xff\xce\n\xed\xff\xc6\x0b\xed\xff\xdd\n\xed\xff\xd7\n\xed\xff\xaf\n\xed\xff\xe7\n\xed\xffb\x0b\xed\xffa\n\xed\xff', '#name': 'sensor_bulk_data', '#sent_time': 953.309317621, '#receive_time': 953.806152079}
mcu 'THR':  got {'oid': 9, 'sequence': 26790, 'data': b'G\x0b\xed\xff\x9c\n\xed\xff\x00\x0b\xed\xff\xc4\n\xed\xff\xce\n\xed\xffO\x0b\xed\xffU\n\xed\xffj\x0b\xed\xff\xc1\n\xed\xff\x01\x0b\xed\xff\xe5\n\xed\xff6\x0b\xed\xff', '#name': 'sensor_bulk_data', '#sent_time': 953.309317621, '#receive_time': 953.825761413}
mcu 'mcu':  got {'oid': 15, 'next_clock': 1991438976, 'value': 13992, '#name': 'analog_in_state', '#sent_time': 953.789670371, '#receive_time': 953.831815038}
mcu 'mcu':  got {'oid': 16, 'next_clock': 1993438976, 'value': 31259, '#name': 'analog_in_state', '#sent_time': 953.789670371, '#receive_time': 953.841757663}
mcu 'THR':  got {'oid': 9, 'sequence': 26791, 'data': b'z\x0b\xed\xff\x0b\x0b\xed\xffH\x0b\xed\xff\xb7\n\xed\xff\xaf\x0b\xed\xff&\x0b\xed\xff!\x0b\xed\xffE\x0b\xed\xff\xc1\n\xed\xffL\x0b\xed\xff\xf9\n\xed\xff\x93\x0b\xed\xff', '#name': 'sensor_bulk_data', '#sent_time': 953.309317621, '#receive_time': 953.845454746}
mcu 'THR':  got {'oid': 17, 'next_clock': 2925586625, 'value': 13889, '#name': 'analog_in_state', '#sent_time': 953.309317621, '#receive_time': 953.850671121}
mcu 'mcu':  got {'oid': 18, 'next_clock': 1997438976, 'value': 31240, '#name': 'analog_in_state', '#sent_time': 953.789670371, '#receive_time': 953.861764246}
mcu 'THR':  got {'oid': 9, 'sequence': 26792, 'data': b'\x8f\n\xed\xff\x05\x0b\xed\xffN\x0b\xed\xff\xfd\n\xed\xff%\x0b\xed\xffN\n\xed\xffk\x0b\xed\xff\x04\x0b\xed\xff^\x0b\xed\xff4\x0b\xed\xff\xc5\n\xed\xff\xde\n\xed\xff', '#name': 'sensor_bulk_data', '#sent_time': 953.309317621, '#receive_time': 953.8650509539999}
mcu 'mcu':  got {'oid': 20, 'next_clock': 2001438976, 'value': 31256, '#name': 'analog_in_state', '#sent_time': 953.789670371, '#receive_time': 953.881766163}
mcu 'THR':  got {'oid': 9, 'sequence': 26793, 'data': b'\x85\n\xed\xff\x17\x0b\xed\xffK\n\xed\xff\xb3\n\xed\xffp\n\xed\xff\x16\x0b\xed\xff)\x0b\xed\xff\xb8\n\xed\xffv\x0b\xed\xfft\n\xed\xff\x14\x0b\xed\xff\xb0\n\xed\xff', '#name': 'sensor_bulk_data', '#sent_time': 953.309317621, '#receive_time': 953.884721829}
mcu 'THR':  got {'oid': 9, 'sequence': 26794, 'data': b'\x0c\x0b\xed\xff\x9e\n\xed\xffZ\n\xed\xff0\x0b\xed\xff\xc4\n\xed\xff\x19\x0b\xed\xff\x85\n\xed\xffU\x0b\xed\xffL\x0b\xed\xff\x97\n\xed\xffI\x0b\xed\xff\xbd\n\xed\xff', '#name': 'sensor_bulk_data', '#sent_time': 953.309317621, '#receive_time': 953.9043297039999}
mcu 'THR':  got {'oid': 9, 'sequence': 26795, 'data': b'\xc9\n\xed\xffp\n\xed\xff!\x0b\xed\xff\xd9\n\xed\xff\xc6\n\xed\xff0\x0b\xed\xffm\n\xed\xffN\x0b\xed\xff\xa6\n\xed\xff\xfe\n\xed\xff\x90\n\xed\xff\x02\x0b\xed\xff', '#name': 'sensor_bulk_data', '#sent_time': 953.309317621, '#receive_time': 953.923969663}
mcu 'THR':  got {'oid': 9, 'sequence': 26796, 'data': b'T\x0b\xed\xff"\x0b\xed\xff}\x0b\xed\xff\xba\n\xed\xff,\x0b\xed\xff\x92\n\xed\xffA\x0b\xed\xff\xe1\n\xed\xffR\n\xed\xff\xd4\n\xed\xffT\n\xed\xff\x1d\x0b\xed\xff', '#name': 'sensor_bulk_data', '#sent_time': 953.309317621, '#receive_time': 953.9436702879999}
mcu 'THR':  got {'oid': 9, 'sequence': 26797, 'data': b'h\n\xed\xff\x12\x0b\xed\xff\x19\x0b\xed\xff\xb9\n\xed\xff\xfc\n\xed\xff\xc7\n\xed\xff\xbd\x0b\xed\xff\xb1\n\xed\xff\xd4\n\xed\xff\xaa\n\xed\xff\xa8\n\xed\xff\xce\n\xed\xff', '#name': 'sensor_bulk_data', '#sent_time': 953.309317621, '#receive_time': 953.963601329}
mcu 'THR':  got {'oid': 9, 'sequence': 26798, 'data': b'\x8f\n\xed\xffg\x0b\xed\xff\x90\n\xed\xff$\x0b\xed\xff\x9b\n\xed\xff{\n\xed\xffo\n\xed\xff3\n\xed\xff*\x0b\xed\xff+\n\xed\xff\xb0\n\xed\xff\x17\n\xed\xff', '#name': 'sensor_bulk_data', '#sent_time': 953.309317621, '#receive_time': 953.983161079}
mcu 'THR':  got {'oid': 9, 'sequence': 26799, 'data': b'\x9c\n\xed\xff \x0b\xed\xff\x9e\n\xed\xffL\x0b\xed\xff\xf8\n\xed\xffi\x0b\xed\xff\x8c\n\xed\xff\xf3\n\xed\xff\xf5\n\xed\xff\xf0\n\xed\xffE\x0b\xed\xff\xa0\n\xed\xff', '#name': 'sensor_bulk_data', '#sent_time': 953.309317621, '#receive_time': 954.004773871}
mcu 'THR':  got {'oid': 9, 'sequence': 26800, 'data': b'\xf4\n\xed\xffr\n\xed\xff3\x0b\xed\xff\xac\n\xed\xff\xb1\n\xed\xff\x10\x0b\xed\xff&\n\xed\xff\x19\x0b\xed\xff\xeb\n\xed\xff7\x0b\xed\xff\x8d\n\xed\xffA\x0b\xed\xff', '#name': 'sensor_bulk_data', '#sent_time': 953.309317621, '#receive_time': 954.022356413}
mcu 'THR':  got {'oid': 9, 'sequence': 26801, 'data': b'\x83\x0b\xed\xff\x05\x0b\xed\xff\xac\x0b\xed\xffs\n\xed\xff\x1d\x0b\xed\xff\xd5\n\xed\xff\x1a\x0b\xed\xff#\x0b\xed\xff\x1e\x0b\xed\xff>\x0b\xed\xff\x85\n\xed\xff\xe6\n\xed\xff', '#name': 'sensor_bulk_data', '#sent_time': 953.309317621, '#receive_time': 954.041893996}
mcu 'THR':  got {'oid': 9, 'sequence': 26802, 'data': b'\xf5\t\xed\xff\x90\n\xed\xff\xa9\n\xed\xff\xcb\n\xed\xff<\x0b\xed\xff\xc0\n\xed\xff\x97\x0b\xed\xffu\n\xed\xff\xf6\n\xed\xff\xe9\n\xed\xffn\n\xed\xff\x91\n\xed\xff', '#name': 'sensor_bulk_data', '#sent_time': 953.309317621, '#receive_time': 954.061545329}
mcu 'THR':  got {'oid': 9, 'sequence': 26803, 'data': b'm\n\xed\xff\xf1\n\xed\xffA\n\xed\xff\xf3\n\xed\xff\x9a\n\xed\xff\xd8\n\xed\xff\xe9\n\xed\xff\xad\n\xed\xff.\x0b\xed\xff\x8b\n\xed\xff\x06\x0b\xed\xffS\n\xed\xff', '#name': 'sensor_bulk_data', '#sent_time': 953.309317621, '#receive_time': 954.081279204}
mcu 'THR':  got {'oid': 9, 'sequence': 26804, 'data': b'\x97\n\xed\xff\xd1\n\xed\xff\x8c\n\xed\xff&\x0b\xed\xff\xc4\n\xed\xff~\x0b\xed\xff\xd6\n\xed\xff-\x0b\xed\xff\xb1\n\xed\xff\xe1\n\xed\xff\x99\x0b\xed\xff\t\x0b\xed\xff', '#name': 'sensor_bulk_data', '#sent_time': 953.309317621, '#receive_time': 954.1008089129999}
mcu 'THR':  got {'oid': 9, 'sequence': 26805, 'data': b'\xdd\n\xed\xff\xe1\t\xed\xff\xab\n\xed\xff\x92\n\xed\xff\xa0\n\xed\xff\x07\x0b\xed\xff\x91\n\xed\xff\xe2\n\xed\xffE\n\xed\xffY\x0b\xed\xff\x93\n\xed\xff\xcd\n\xed\xff', '#name': 'sensor_bulk_data', '#sent_time': 953.309317621, '#receive_time': 954.120486496}
mcu 'mcu':  got {'oid': 15, 'next_clock': 2051438976, 'value': 13980, '#name': 'analog_in_state', '#sent_time': 953.789670371, '#receive_time': 954.131872371}
mcu 'mcu':  got {'oid': 16, 'next_clock': 2053438976, 'value': 31259, '#name': 'analog_in_state', '#sent_time': 953.789670371, '#receive_time': 954.142558163}
mcu 'THR':  got {'oid': 9, 'sequence': 26806, 'data': b'F\x0b\xed\xff\x04\x0b\xed\xffo\x0b\xed\xff\x96\n\xed\xff\x05\x0b\xed\xff\x90\n\xed\xff7\x0b\xed\xff\xdb\n\xed\xff\xe6\n\xed\xff7\x0b\xed\xff\xac\n\xed\xff\x80\x0b\xed\xff', '#name': 'sensor_bulk_data', '#sent_time': 953.309317621, '#receive_time': 954.141561746}
mcu 'THR':  got {'oid': 17, 'next_clock': 2961586625, 'value': 13885, '#name': 'analog_in_state', '#sent_time': 953.309317621, '#receive_time': 954.1507838709999}
mcu 'THR':  got {'oid': 9, 'sequence': 26807, 'data': b"\xb0\n\xed\xff\x01\x0b\xed\xff\xd7\n\xed\xff\xff\n\xed\xffA\x0b\xed\xffx\n\xed\xff\x13\x0b\xed\xff\xeb\n\xed\xff\xca\x0b\xed\xff&\x0b\xed\xff\x06\x0b\xed\xff'\x0b\xed\xff", '#name': 'sensor_bulk_data', '#sent_time': 953.309317621, '#receive_time': 954.159752121}
mcu 'mcu':  got {'oid': 18, 'next_clock': 2057438976, 'value': 31247, '#name': 'analog_in_state', '#sent_time': 953.789670371, '#receive_time': 954.161865621}
mcu 'THR':  got {'oid': 9, 'sequence': 26808, 'data': b'\xfa\n\xed\xff\xcc\x0b\xed\xff\x1a\x0b\xed\xffk\x0b\xed\xff\xcb\n\xed\xff2\x0b\xed\xff\xa9\n\xed\xff\x8c\n\xed\xff\xfc\n\xed\xff5\n\xed\xff+\x0b\xed\xffx\n\xed\xff', '#name': 'sensor_bulk_data', '#sent_time': 953.309317621, '#receive_time': 954.1793731209999}
mcu 'mcu':  got {'oid': 20, 'next_clock': 2061438976, 'value': 31247, '#name': 'analog_in_state', '#sent_time': 953.789670371, '#receive_time': 954.181971663}
mcu 'THR':  got {'oid': 9, 'sequence': 26809, 'data': b'\xf0\n\xed\xff\xa8\n\xed\xff\xea\n\xed\xff\xb8\x0b\xed\xff\xe4\n\xed\xff\xf9\n\xed\xfff\n\xed\xff\xe6\n\xed\xff\x9b\n\xed\xff\x87\n\xed\xff\xb4\n\xed\xff]\n\xed\xff', '#name': 'sensor_bulk_data', '#sent_time': 953.309317621, '#receive_time': 954.1991122459999}
mcu 'THR':  got {'oid': 9, 'sequence': 26810, 'data': b"'\x0b\xed\xff\xce\n\xed\xff\\\x0b\xed\xff\xa3\n\xed\xff\x02\x0b\xed\xff9\x0b\xed\xff\xb6\n\xed\xff5\x0b\xed\xff5\x0b\xed\xffg\x0b\xed\xff\xab\n\xed\xff\xd2\n\xed\xff", '#name': 'sensor_bulk_data', '#sent_time': 953.309317621, '#receive_time': 954.2186649959999}
mcu 'THR':  got {'oid': 9, 'sequence': 26811, 'data': b'\x9f\n\xed\xff\xdd\n\xed\xff]\x0b\xed\xff\xd5\n\xed\xff(\x0b\xed\xff]\n\xed\xff\x11\x0b\xed\xff\xd4\n\xed\xff\xec\n\xed\xff\x00\x0b\xed\xffv\n\xed\xff\xa5\x0b\xed\xff', '#name': 'sensor_bulk_data', '#sent_time': 953.309317621, '#receive_time': 954.241486454}
mcu 'THR':  got {'oid': 9, 'sequence': 26812, 'data': b'\xc1\n\xed\xff\xfa\n\xed\xff\x92\n\xed\xff\xca\n\xed\xff\xa6\n\xed\xff6\n\xed\xff\xfe\n\xed\xffy\n\xed\xff\xeb\n\xed\xff]\n\xed\xffG\x0b\xed\xff~\x0b\xed\xff', '#name': 'sensor_bulk_data', '#sent_time': 953.309317621, '#receive_time': 954.258001788}
mcu 'THR':  got {'oid': 9, 'sequence': 26813, 'data': b'\xd9\n\xed\xff\xe6\n\xed\xffw\n\xed\xff(\x0b\xed\xff\xb1\n\xed\xff@\x0b\xed\xff\xdb\n\xed\xff\xc1\n\xed\xffg\x0b\xed\xff\x8c\n\xed\xff$\x0b\xed\xff\xd5\n\xed\xff', '#name': 'sensor_bulk_data', '#sent_time': 953.309317621, '#receive_time': 954.277663913}
mcu 'THR':  got {'oid': 9, 'sequence': 26814, 'data': b'=\x0b\xed\xff\xd1\n\xed\xff\xf4\n\xed\xff\xe2\n\xed\xff\x95\n\xed\xffi\x0b\xed\xff\x11\x0b\xed\xff\x95\x0b\xed\xff\x94\n\xed\xff\xf6\n\xed\xff\xc9\n\xed\xff\x8d\n\xed\xff', '#name': 'sensor_bulk_data', '#sent_time': 954.2942573290001, '#receive_time': 954.2971979959999}
mcu 'THR':  got {'oid': 9, 'sequence': 26815, 'data': b'\x91\x0b\xed\xff\xe8\n\xed\xff\x06\x0b\xed\xff\x95\n\xed\xff\x0b\x0b\xed\xff\x06\x0b\xed\xff\x93\n\xed\xff\x1d\x0b\xed\xffv\n\xed\xff0\x0b\xed\xff\xc8\n\xed\xffT\x0b\xed\xff', '#name': 'sensor_bulk_data', '#sent_time': 954.2942573290001, '#receive_time': 954.316796246}
mcu 'THR':  got {'oid': 9, 'sequence': 26816, 'data': b'\xd3\n\xed\xffc\n\xed\xff\xec\n\xed\xff\x87\n\xed\xffr\x0b\xed\xff\xc6\n\xed\xff\xfb\n\xed\xff\xf1\n\xed\xff\xa4\n\xed\xff\x93\n\xed\xff\x9d\n\xed\xffn\x0b\xed\xff', '#name': 'sensor_bulk_data', '#sent_time': 954.2942573290001, '#receive_time': 954.336714454}
mcu 'THR':  got {'oid': 9, 'sequence': 26817, 'data': b'\x8b\n\xed\xff\x93\x0b\xed\xff\xe6\n\xed\xff\xeb\n\xed\xff\x15\x0b\xed\xffu\n\xed\xff\x16\x0b\xed\xff\x84\n\xed\xff+\x0b\xed\xff\xe2\n\xed\xffW\x0b\xed\xff-\x0b\xed\xff', '#name': 'sensor_bulk_data', '#sent_time': 954.2942573290001, '#receive_time': 954.3561044549999}
mcu 'THR':  got {'oid': 9, 'sequence': 26818, 'data': b' \x0b\xed\xfft\x0b\xed\xff\xe9\n\xed\xff,\x0b\xed\xff\x8c\n\xed\xffr\x0b\xed\xff\x04\x0b\xed\xff\xcd\n\xed\xff\x17\x0b\xed\xff?\n\xed\xff\xce\n\xed\xff\x07\n\xed\xff', '#name': 'sensor_bulk_data', '#sent_time': 954.2942573290001, '#receive_time': 954.375767455}
mcu 'THR':  got {'oid': 9, 'sequence': 26819, 'data': b'\xcb\n\xed\xff\x87\n\xed\xff\xc9\n\xed\xff\x99\n\xed\xff\x96\n\xed\xffk\x0b\xed\xff\x89\n\xed\xff>\x0b\xed\xff\xd8\n\xed\xff!\x0b\xed\xff\xe8\n\xed\xff\n\x0b\xed\xff', '#name': 'sensor_bulk_data', '#sent_time': 954.2942573290001, '#receive_time': 954.395533413}
mcu 'THR':  got {'oid': 9, 'sequence': 26820, 'data': b'K\x0b\xed\xff\x91\n\xed\xff5\x0b\xed\xff\x87\n\xed\xff$\x0b\xed\xff\xc3\n\xed\xff\x90\n\xed\xff\xfa\n\xed\xff\xd9\n\xed\xff\xd0\n\xed\xff>\n\xed\xffF\x0b\xed\xff', '#name': 'sensor_bulk_data', '#sent_time': 954.2942573290001, '#receive_time': 954.415006246}
mcu 'mcu':  got {'oid': 15, 'next_clock': 2111438976, 'value': 13980, '#name': 'analog_in_state', '#sent_time': 953.789670371, '#receive_time': 954.431819455}
mcu 'THR':  got {'oid': 9, 'sequence': 26821, 'data': b'\xa5\n\xed\xff%\x0b\xed\xff`\x0b\xed\xff\x9e\n\xed\xff7\x0b\xed\xff\x94\n\xed\xff\x16\x0b\xed\xff\xc8\n\xed\xff\x0c\x0b\xed\xff\xe0\n\xed\xffx\n\xed\xff\xec\n\xed\xff', '#name': 'sensor_bulk_data', '#sent_time': 954.2942573290001, '#receive_time': 954.434825288}
mcu 'mcu':  got {'oid': 16, 'next_clock': 2113438976, 'value': 31258, '#name': 'analog_in_state', '#sent_time': 953.789670371, '#receive_time': 954.441774038}
mcu 'THR':  got {'oid': 17, 'next_clock': 2997586625, 'value': 13885, '#name': 'analog_in_state', '#sent_time': 954.2942573290001, '#receive_time': 954.450650455}
mcu 'THR':  got {'oid': 9, 'sequence': 26822, 'data': b'\xac\n\xed\xffw\x0b\xed\xff\x96\n\xed\xff\xd5\n\xed\xff\xf7\n\xed\xff\xc7\n\xed\xff\x1d\x0b\xed\xff\xe7\n\xed\xff\x14\x0b\xed\xff]\n\xed\xff\x0b\x0b\xed\xff\xfd\n\xed\xff', '#name': 'sensor_bulk_data', '#sent_time': 954.2942573290001, '#receive_time': 954.454300455}
mcu 'mcu':  got {'oid': 18, 'next_clock': 2117438976, 'value': 31244, '#name': 'analog_in_state', '#sent_time': 953.789670371, '#receive_time': 954.461797538}
mcu 'THR':  got {'oid': 9, 'sequence': 26823, 'data': b'h\x0b\xed\xffY\x0b\xed\xff\x7f\n\xed\xffQ\x0b\xed\xffv\n\xed\xffF\x0b\xed\xff(\x0b\xed\xffD\x0b\xed\xff\t\x0b\xed\xff\t\x0b\xed\xff\xbd\x0b\xed\xff\xb7\n\xed\xff', '#name': 'sensor_bulk_data', '#sent_time': 954.2942573290001, '#receive_time': 954.4739471209999}
mcu 'mcu':  got {'oid': 20, 'next_clock': 2121438976, 'value': 31262, '#name': 'analog_in_state', '#sent_time': 953.789670371, '#receive_time': 954.481906788}
mcu 'THR':  got {'oid': 9, 'sequence': 26824, 'data': b'\x1d\x0b\xed\xff\\\n\xed\xff\x98\n\xed\xff\xdb\n\xed\xff\xd7\n\xed\xff&\x0b\xed\xffu\n\xed\xffh\x0b\xed\xff\xbe\n\xed\xffv\x0b\xed\xff\xaa\n\xed\xff\xaf\n\xed\xff', '#name': 'sensor_bulk_data', '#sent_time': 954.2942573290001, '#receive_time': 954.4936197459999}
mcu 'THR':  got {'oid': 9, 'sequence': 26825, 'data': b'o\x0b\xed\xff\xc5\n\xed\xffX\x0b\xed\xff\xcf\n\xed\xffd\x0b\xed\xff|\n\xed\xff\xb4\n\xed\xff\r\x0b\xed\xff6\n\xed\xff\xff\n\xed\xff\xb8\n\xed\xfff\x0b\xed\xff', '#name': 'sensor_bulk_data', '#sent_time': 954.2942573290001, '#receive_time': 954.513288871}
mcu 'THR':  got {'oid': 9, 'sequence': 26826, 'data': b'\xf1\n\xed\xffF\x0b\xed\xff!\x0b\xed\xff\xba\n\xed\xff\x02\x0b\xed\xff\x92\n\xed\xff\x15\x0b\xed\xff\xd8\t\xed\xffa\n\xed\xffq\n\xed\xff@\n\xed\xff\x17\x0b\xed\xff', '#name': 'sensor_bulk_data', '#sent_time': 954.2942573290001, '#receive_time': 954.5328868299999}
mcu 'THR':  got {'oid': 9, 'sequence': 26827, 'data': b'\xad\n\xed\xffu\x0b\xed\xff\x8c\n\xed\xff\xc9\n\xed\xff\xb8\n\xed\xff\xc8\n\xed\xffh\x0b\xed\xff\xa1\n\xed\xff`\x0b\xed\xff\xf0\n\xed\xff\xbe\x0b\xed\xff\xf6\n\xed\xff', '#name': 'sensor_bulk_data', '#sent_time': 954.2942573290001, '#receive_time': 954.552470496}
mcu 'THR':  got {'oid': 9, 'sequence': 26828, 'data': b'\xde\n\xed\xffk\x0b\xed\xff\xdc\n\xed\xff#\x0b\xed\xff\xb6\n\xed\xff\xbf\x0b\xed\xff\xcd\n\xed\xff\x0f\x0b\xed\xff,\x0b\xed\xff\xae\n\xed\xffI\x0b\xed\xff\xbe\n\xed\xff', '#name': 'sensor_bulk_data', '#sent_time': 954.2942573290001, '#receive_time': 954.572153038}
mcu 'THR':  got {'oid': 9, 'sequence': 26829, 'data': b'a\x0b\xed\xff\xa7\n\xed\xff_\x0b\xed\xff\r\x0b\xed\xff\xd6\n\xed\xff!\x0b\xed\xffF\n\xed\xffG\x0b\xed\xff\xb9\n\xed\xffq\x0b\xed\xff\xab\x0b\xed\xff3\x0b\xed\xff', '#name': 'sensor_bulk_data', '#sent_time': 954.2942573290001, '#receive_time': 954.5917387459999}
mcu 'THR':  got {'oid': 9, 'sequence': 26830, 'data': b'H\x0b\xed\xff\xb3\n\xed\xff\x8b\x0b\xed\xffH\n\xed\xff\x9a\n\xed\xffC\n\xed\xff\x06\x0b\xed\xff^\x0b\xed\xff\xbe\n\xed\xff\xa1\x0b\xed\xff\x0b\x0b\xed\xff\xdf\n\xed\xff', '#name': 'sensor_bulk_data', '#sent_time': 954.2942573290001, '#receive_time': 954.6113711209999}
mcu 'THR':  got {'oid': 9, 'sequence': 26831, 'data': b'V\n\xed\xff-\x0b\xed\xffq\x0b\xed\xff,\x0b\xed\xff\xc3\x0b\xed\xff\xc6\n\xed\xffE\x0b\xed\xff\x98\n\xed\xff\t\x0b\xed\xff\xce\n\xed\xff\xbd\n\xed\xff\xe0\n\xed\xff', '#name': 'sensor_bulk_data', '#sent_time': 954.2942573290001, '#receive_time': 954.631122788}
mcu 'THR':  got {'oid': 9, 'sequence': 26832, 'data': b"Z\n\xed\xffK\x0b\xed\xff\x83\n\xed\xff\x81\x0b\xed\xff\xd2\n\xed\xff\xc4\n\xed\xff'\x0b\xed\xff\xb5\n\xed\xffl\x0b\xed\xffC\n\xed\xff<\x0b\xed\xff\xf8\n\xed\xff", '#name': 'sensor_bulk_data', '#sent_time': 954.2942573290001, '#receive_time': 954.650635871}
mcu 'THR':  got {'oid': 9, 'sequence': 26833, 'data': b'\x01\x0b\xed\xffk\x0b\xed\xff`\x0b\xed\xff[\x0b\xed\xff]\n\xed\xff\xcf\n\xed\xffm\n\xed\xff\xcb\n\xed\xff\xb4\n\xed\xff\xa8\n\xed\xffJ\x0b\xed\xffv\n\xed\xff', '#name': 'sensor_bulk_data', '#sent_time': 954.2942573290001, '#receive_time': 954.67027408}
mcu 'THR':  got {'oid': 9, 'sequence': 26834, 'data': b'o\n\xed\xffR\n\xed\xff@\x0b\xed\xff\xbf\n\xed\xff\xdf\n\xed\xff\x7f\x0b\xed\xff\xc4\n\xed\xffO\x0b\xed\xff~\n\xed\xff\x07\x0b\xed\xffx\n\xed\xff\xbe\n\xed\xff', '#name': 'sensor_bulk_data', '#sent_time': 954.2942573290001, '#receive_time': 954.6899219129999}
mcu 'THR':  got {'oid': 9, 'sequence': 26835, 'data': b'\x02\x0b\xed\xff\xa2\n\xed\xff:\x0b\xed\xff\xb6\n\xed\xff\xc0\x0b\xed\xffQ\x0b\xed\xff\xef\n\xed\xff\xf3\n\xed\xff\xb9\n\xed\xff.\x0b\xed\xff\xed\n\xed\xff\x90\x0b\xed\xff', '#name': 'sensor_bulk_data', '#sent_time': 954.2942573290001, '#receive_time': 954.70981358}
mcu 'THR':  got {'oid': 9, 'sequence': 26836, 'data': b'`\n\xed\xff\xe1\n\xed\xff\xec\n\xed\xff\xb2\n\xed\xff\t\x0b\xed\xffA\n\xed\xff~\n\xed\xff\xd1\t\xed\xff\xed\n\xed\xff\x97\n\xed\xff\x85\n\xed\xff!\x0b\xed\xff', '#name': 'sensor_bulk_data', '#sent_time': 954.2942573290001, '#receive_time': 954.729292538}
mcu 'mcu':  got {'oid': 15, 'next_clock': 2171438976, 'value': 13982, '#name': 'analog_in_state', '#sent_time': 953.789670371, '#receive_time': 954.73184208}
mcu 'mcu':  got {'oid': 16, 'next_clock': 2173438976, 'value': 31261, '#name': 'analog_in_state', '#sent_time': 953.789670371, '#receive_time': 954.741810663}
