2026-09-24 20:58:19,144 [common.py:build_error()] - JSON-RPC Request Error - Requested Method: printer.info, Code: 503, Message: Klippy Host not connected
2026-09-24 20:58:20,078 [common.py:build_error()] - JSON-RPC Request Error - Requested Method: printer.info, Code: 503, Message: Klippy Host not connected
2026-09-24 20:58:20,929 [common.py:build_error()] - JSON-RPC Request Error - Requested Method: printer.info, Code: 503, Message: Klippy Host not connected
2026-09-24 20:58:21,057 [common.py:build_error()] - JSON-RPC Request Error - Requested Method: printer.info, Code: 503, Message: Klippy Host not connected
2026-09-24 20:58:55,044 [common.py:build_error()] - JSON-RPC Request Error - Requested Method: machine.device_power.devices, Code: -32601, Message: Method not found
2026-09-24 20:58:55,047 [common.py:build_error()] - JSON-RPC Request Error - Requested Method: server.sensors.list, Code: -32601, Message: Method not found
2026-09-24 20:58:55,190 [common.py:build_error()] - JSON-RPC Request Error - Requested Method: server.database.get_item, Code: -32601, Message: Namespace helix-screen-hh-overrides not found
2026-09-24 20:58:55,517 [mmu_server.py:_get_spoolman_version()] - Attempt to get info from spoolman failed: HTTP error: 500 [Errno 101] Network is unreachable
2026-09-24 20:58:56,300 [proc_stats.py:_handle_shutdown()] - 
2026-09-24 20:58:58,798 [common.py:build_error()] - JSON-RPC Request Error - Requested Method: machine.device_power.devices, Code: -32601, Message: Method not found
2026-09-24 20:58:58,800 [common.py:build_error()] - JSON-RPC Request Error - Requested Method: server.sensors.list, Code: -32601, Message: Method not found
2026-09-24 20:59:02,200 [common.py:build_error()] - JSON-RPC Request Error - Requested Method: server.helix.status, Code: -32601, Message: Method not found
2026-09-24 20:59:11,982 [common.py:build_error()] - JSON-RPC Request Error - Requested Method: printer.info, Code: 503, Message: Klippy Host not connected
2026-09-24 20:59:12,120 [common.py:build_error()] - JSON-RPC Request Error - Requested Method: printer.info, Code: 503, Message: Klippy Host not connected
2026-09-24 20:59:13,525 [common.py:build_error()] - JSON-RPC Request Error - Requested Method: printer.info, Code: 503, Message: Klippy Host not connected
2026-09-24 20:59:13,636 [common.py:build_error()] - JSON-RPC Request Error - Requested Method: printer.info, Code: 503, Message: Klippy Host not connected
2026-09-24 20:59:13,662 [common.py:build_error()] - JSON-RPC Request Error - Requested Method: printer.info, Code: 503, Message: Klippy Host not connected
2026-09-24 20:59:15,152 [common.py:build_error()] - JSON-RPC Request Error - Requested Method: printer.info, Code: 503, Message: Klippy Host not connected
2026-09-24 20:59:15,253 [common.py:build_error()] - JSON-RPC Request Error - Requested Method: printer.info, Code: 503, Message: Klippy Host not connected
2026-09-24 20:59:15,282 [common.py:build_error()] - JSON-RPC Request Error - Requested Method: printer.info, Code: 503, Message: Klippy Host not connected
2026-09-24 20:59:15,326 [common.py:build_error()] - JSON-RPC Request Error - Requested Method: printer.info, Code: 503, Message: Klippy Host not connected
2026-09-24 20:59:16,783 [common.py:build_error()] - JSON-RPC Request Error - Requested Method: printer.info, Code: 503, Message: Klippy Host not connected
2026-09-24 20:59:17,007 [common.py:build_error()] - JSON-RPC Request Error - Requested Method: printer.info, Code: 503, Message: Klippy Host not connected
2026-09-24 20:59:18,310 [common.py:build_error()] - JSON-RPC Request Error - Requested Method: printer.info, Code: 503, Message: Klippy Host not connected
2026-09-24 20:59:18,414 [common.py:build_error()] - JSON-RPC Request Error - Requested Method: printer.info, Code: 503, Message: Klippy Host not connected
2026-09-24 20:59:20,206 [common.py:build_error()] - JSON-RPC Request Error - Requested Method: printer.objects.query, Code: 503, Message: Klippy Host not connected
2026-09-24 20:59:20,211 [common.py:build_error()] - JSON-RPC Request Error - Requested Method: printer.objects.query, Code: 503, Message: Klippy Host not connected
2026-09-24 20:59:20,268 [common.py:build_error()] - JSON-RPC Request Error - Requested Method: printer.info, Code: 503, Message: Klippy Host not connected
2026-09-24 20:59:20,269 [common.py:build_error()] - JSON-RPC Request Error - Requested Method: printer.info, Code: 503, Message: Klippy Host not connected
2026-09-24 20:59:20,271 [common.py:build_error()] - JSON-RPC Request Error - Requested Method: printer.info, Code: 503, Message: Klippy Host not connected
2026-09-24 20:59:20,291 [common.py:build_error()] - JSON-RPC Request Error - Requested Method: printer.info, Code: 503, Message: Klippy Host not connected
2026-09-24 20:59:20,313 [common.py:build_error()] - JSON-RPC Request Error - Requested Method: printer.info, Code: 503, Message: Klippy Host not connected
2026-09-24 20:59:20,373 [common.py:build_error()] - JSON-RPC Request Error - Requested Method: printer.info, Code: 503, Message: Klippy Host not connected
2026-09-24 20:59:20,398 [common.py:build_error()] - JSON-RPC Request Error - Requested Method: printer.objects.query, Code: 503, Message: Klippy Host not connected
2026-09-24 20:59:20,402 [common.py:build_error()] - JSON-RPC Request Error - Requested Method: printer.objects.query, Code: 503, Message: Klippy Host not connected
2026-09-24 20:59:21,802 [common.py:build_error()] - JSON-RPC Request Error - Requested Method: printer.info, Code: 503, Message: Klippy Host not connected
2026-09-24 20:59:21,902 [common.py:build_error()] - JSON-RPC Request Error - Requested Method: printer.info, Code: 503, Message: Klippy Host not connected
2026-09-24 20:59:23,330 [common.py:build_error()] - JSON-RPC Request Error - Requested Method: printer.info, Code: 503, Message: Klippy Host not connected
2026-09-24 20:59:23,403 [common.py:build_error()] - JSON-RPC Request Error - Requested Method: printer.info, Code: 503, Message: Klippy Host not connected
2026-09-24 20:59:23,909 [common.py:build_error()] - JSON-RPC Request Error - Requested Method: printer.info, Code: 503, Message: Klippy Host not connected
2026-09-24 20:59:24,153 [common.py:build_error()] - JSON-RPC Request Error - Requested Method: printer.info, Code: 503, Message: Klippy Host not connected
2026-09-24 20:59:24,903 [common.py:build_error()] - JSON-RPC Request Error - Requested Method: printer.info, Code: 503, Message: Klippy Host not connected
2026-09-24 20:59:24,998 [common.py:build_error()] - JSON-RPC Request Error - Requested Method: printer.info, Code: 503, Message: Klippy Host not connected
2026-09-24 20:59:25,905 [common.py:build_error()] - JSON-RPC Request Error - Requested Method: printer.info, Code: 503, Message: Klippy Host not connected
2026-09-24 20:59:26,061 [common.py:build_error()] - JSON-RPC Request Error - Requested Method: printer.info, Code: 503, Message: Klippy Host not connected
2026-09-24 20:59:26,521 [common.py:build_error()] - JSON-RPC Request Error - Requested Method: printer.info, Code: 503, Message: Klippy Host not connected
2026-09-24 20:59:26,647 [common.py:build_error()] - JSON-RPC Request Error - Requested Method: printer.info, Code: 503, Message: Klippy Host not connected
Can not update MCU 'mcu' config as it is shutdown
Error configuring printer
2026-09-24 21:02:34,295 [server.py:add_log_rollover_item()] - Failed to Connect to spoolman: Timeout while connecting
